{
  "duration_seconds": 30.0,
  "module": "controllers.race_faster",
  "record_type": "solo_trial_suite",
  "results": [
    {
      "best_lap_time_seconds": 7.6166666666670455,
      "damage": 0.0,
      "elapsed_seconds": 30.0,
      "first_lap_time_seconds": 8.349999999999994,
      "lap_count": 3,
      "max_speed_mps": 27.054600185818142,
      "ok": true,
      "partial_laps": 3.8629346123138375,
      "raw_distance_m": 707.1719183250444,
      "record_type": "solo_trial_result",
      "schema_version": 1,
      "seed": 38605,
      "survived": true,
      "wall_contact_seconds": 0.0
    },
    {
      "best_lap_time_seconds": 7.616666666666234,
      "damage": 0.0,
      "elapsed_seconds": 30.0,
      "first_lap_time_seconds": 8.500000000000002,
      "lap_count": 3,
      "max_speed_mps": 27.04327901204427,
      "ok": true,
      "partial_laps": 3.799489648334805,
      "raw_distance_m": 695.557303689297,
      "record_type": "solo_trial_result",
      "schema_version": 1,
      "seed": 37849,
      "survived": true,
      "wall_contact_seconds": 0.0
    },
    {
      "best_lap_time_seconds": 7.6166666666662355,
      "damage": 0.0,
      "elapsed_seconds": 30.0,
      "first_lap_time_seconds": 8.333333333333327,
      "lap_count": 3,
      "max_speed_mps": 27.042971716986763,
      "ok": true,
      "partial_laps": 3.8482834885887023,
      "raw_distance_m": 704.4897959724439,
      "record_type": "solo_trial_result",
      "schema_version": 1,
      "seed": 60758,
      "survived": true,
      "wall_contact_seconds": 0.0
    },
    {
      "best_lap_time_seconds": 7.599999999999568,
      "damage": 0.0,
      "elapsed_seconds": 30.0,
      "first_lap_time_seconds": 8.45,
      "lap_count": 3,
      "max_speed_mps": 27.049435509575737,
      "ok": true,
      "partial_laps": 3.8393240294816646,
      "raw_distance_m": 702.8496237925468,
      "record_type": "solo_trial_result",
      "schema_version": 1,
      "seed": 41419,
      "survived": true,
      "wall_contact_seconds": 0.0
    },
    {
      "best_lap_time_seconds": 7.616666666666234,
      "damage": 0.0,
      "elapsed_seconds": 30.0,
      "first_lap_time_seconds": 8.483333333333334,
      "lap_count": 3,
      "max_speed_mps": 27.06857681274414,
      "ok": true,
      "partial_laps": 3.8151567711410403,
      "raw_distance_m": 698.4254209114218,
      "record_type": "solo_trial_result",
      "schema_version": 1,
      "seed": 84539,
      "survived": true,
      "wall_contact_seconds": 0.0
    },
    {
      "best_lap_time_seconds": 7.666666666666231,
      "damage": 0.0,
      "elapsed_seconds": 30.0,
      "first_lap_time_seconds": 8.533333333333337,
      "lap_count": 3,
      "max_speed_mps": 27.05137676662869,
      "ok": true,
      "partial_laps": 3.815602345891657,
      "raw_distance_m": 698.5069904907117,
      "record_type": "solo_trial_result",
      "schema_version": 1,
      "seed": 13355,
      "survived": true,
      "wall_contact_seconds": 0.0
    },
    {
      "best_lap_time_seconds": 7.616666666666234,
      "damage": 0.0,
      "elapsed_seconds": 30.0,
      "first_lap_time_seconds": 8.38333333333333,
      "lap_count": 3,
      "max_speed_mps": 27.05062018500434,
      "ok": true,
      "partial_laps": 3.8568501156319908,
      "raw_distance_m": 706.0580539648174,
      "record_type": "solo_trial_result",
      "schema_version": 1,
      "seed": 70773,
      "survived": true,
      "wall_contact_seconds": 0.0
    },
    {
      "best_lap_time_seconds": 7.616666666666234,
      "damage": 0.0,
      "elapsed_seconds": 30.0,
      "first_lap_time_seconds": 8.466666666666667,
      "lap_count": 3,
      "max_speed_mps": 27.1313116285536,
      "ok": true,
      "partial_laps": 3.8087278818082235,
      "raw_distance_m": 697.2485099723407,
      "record_type": "solo_trial_result",
      "schema_version": 1,
      "seed": 27223,
      "survived": true,
      "wall_contact_seconds": 0.0
    },
    {
      "best_lap_time_seconds": 7.649999999999565,
      "damage": 0.0,
      "elapsed_seconds": 30.0,
      "first_lap_time_seconds": 8.500000000000002,
      "lap_count": 3,
      "max_speed_mps": 27.07725101047092,
      "ok": true,
      "partial_laps": 3.803804080866774,
      "raw_distance_m": 696.3471295176687,
      "record_type": "solo_trial_result",
      "schema_version": 1,
      "seed": 4545,
      "survived": true,
      "wall_contact_seconds": 0.0
    },
    {
      "best_lap_time_seconds": 7.616666666666234,
      "damage": 0.0,
      "elapsed_seconds": 30.0,
      "first_lap_time_seconds": 8.45,
      "lap_count": 3,
      "max_speed_mps": 27.05522961086697,
      "ok": true,
      "partial_laps": 3.816957546809934,
      "raw_distance_m": 698.7550816776655,
      "record_type": "solo_trial_result",
      "schema_version": 1,
      "seed": 94066,
      "survived": true,
      "wall_contact_seconds": 0.0
    },
    {
      "best_lap_time_seconds": 7.633333333332899,
      "damage": 0.0,
      "elapsed_seconds": 30.0,
      "first_lap_time_seconds": 8.500000000000002,
      "lap_count": 3,
      "max_speed_mps": 27.06413904825846,
      "ok": true,
      "partial_laps": 3.8080943532165983,
      "raw_distance_m": 697.13253243857,
      "record_type": "solo_trial_result",
      "schema_version": 1,
      "seed": 94690,
      "survived": true,
      "wall_contact_seconds": 0.0
    },
    {
      "best_lap_time_seconds": 7.616666666667038,
      "damage": 0.0,
      "elapsed_seconds": 30.0,
      "first_lap_time_seconds": 8.433333333333332,
      "lap_count": 3,
      "max_speed_mps": 27.053580813937717,
      "ok": true,
      "partial_laps": 3.873665577907759,
      "raw_distance_m": 709.1363930796373,
      "record_type": "solo_trial_result",
      "schema_version": 1,
      "seed": 78394,
      "survived": true,
      "wall_contact_seconds": 0.0
    },
    {
      "best_lap_time_seconds": 7.66666666666703,
      "damage": 0.0,
      "elapsed_seconds": 30.0,
      "first_lap_time_seconds": 8.483333333333334,
      "lap_count": 3,
      "max_speed_mps": 27.054437001546223,
      "ok": true,
      "partial_laps": 3.7970962857406003,
      "raw_distance_m": 695.1191604156325,
      "record_type": "solo_trial_result",
      "schema_version": 1,
      "seed": 89235,
      "survived": true,
      "wall_contact_seconds": 0.0
    },
    {
      "best_lap_time_seconds": 7.599999999999568,
      "damage": 0.0,
      "elapsed_seconds": 30.0,
      "first_lap_time_seconds": 8.483333333333334,
      "lap_count": 3,
      "max_speed_mps": 27.05781512790256,
      "ok": true,
      "partial_laps": 3.8229582886834073,
      "raw_distance_m": 699.8536133816478,
      "record_type": "solo_trial_result",
      "schema_version": 1,
      "seed": 70711,
      "survived": true,
      "wall_contact_seconds": 0.0
    },
    {
      "best_lap_time_seconds": 7.633333333333685,
      "damage": 0.0,
      "elapsed_seconds": 30.0,
      "first_lap_time_seconds": 8.616666666666674,
      "lap_count": 3,
      "max_speed_mps": 27.04345491197374,
      "ok": true,
      "partial_laps": 3.7768180146045998,
      "raw_distance_m": 691.4068987962282,
      "record_type": "solo_trial_result",
      "schema_version": 1,
      "seed": 73471,
      "survived": true,
      "wall_contact_seconds": 0.0
    },
    {
      "best_lap_time_seconds": 7.616666666666234,
      "damage": 0.0,
      "elapsed_seconds": 30.0,
      "first_lap_time_seconds": 8.399999999999997,
      "lap_count": 3,
      "max_speed_mps": 27.07229826185438,
      "ok": true,
      "partial_laps": 3.879786056472269,
      "raw_distance_m": 710.2568444985494,
      "record_type": "solo_trial_result",
      "schema_version": 1,
      "seed": 64378,
      "survived": true,
      "wall_contact_seconds": 0.0
    },
    {
      "best_lap_time_seconds": 7.616666666666234,
      "damage": 0.0,
      "elapsed_seconds": 30.0,
      "first_lap_time_seconds": 8.51666666666667,
      "lap_count": 3,
      "max_speed_mps": 27.043546040852863,
      "ok": true,
      "partial_laps": 3.803521651806633,
      "raw_distance_m": 696.2954263644199,
      "record_type": "solo_trial_result",
      "schema_version": 1,
      "seed": 96757,
      "survived": true,
      "wall_contact_seconds": 0.0
    },
    {
      "best_lap_time_seconds": 7.633333333332899,
      "damage": 0.0,
      "elapsed_seconds": 30.0,
      "first_lap_time_seconds": 8.533333333333337,
      "lap_count": 3,
      "max_speed_mps": 27.064196268717446,
      "ok": true,
      "partial_laps": 3.802321415925839,
      "raw_distance_m": 696.0757040042334,
      "record_type": "solo_trial_result",
      "schema_version": 1,
      "seed": 1954,
      "survived": true,
      "wall_contact_seconds": 0.0
    },
    {
      "best_lap_time_seconds": 7.633333333333708,
      "damage": 0.0,
      "elapsed_seconds": 30.0,
      "first_lap_time_seconds": 8.399999999999997,
      "lap_count": 3,
      "max_speed_mps": 27.06072065565321,
      "ok": true,
      "partial_laps": 3.8429213193787835,
      "raw_distance_m": 703.5081652002133,
      "record_type": "solo_trial_result",
      "schema_version": 1,
      "seed": 57450,
      "survived": true,
      "wall_contact_seconds": 0.0
    },
    {
      "best_lap_time_seconds": 7.6333333333336935,
      "damage": 0.0,
      "elapsed_seconds": 30.0,
      "first_lap_time_seconds": 8.533333333333337,
      "lap_count": 3,
      "max_speed_mps": 27.138885921902126,
      "ok": true,
      "partial_laps": 3.812255331403861,
      "raw_distance_m": 697.8942659966311,
      "record_type": "solo_trial_result",
      "schema_version": 1,
      "seed": 10959,
      "survived": true,
      "wall_contact_seconds": 0.0
    },
    {
      "best_lap_time_seconds": 7.616666666667028,
      "damage": 0.0,
      "elapsed_seconds": 30.0,
      "first_lap_time_seconds": 8.533333333333337,
      "lap_count": 3,
      "max_speed_mps": 27.060165405273438,
      "ok": true,
      "partial_laps": 3.8201192229055425,
      "raw_distance_m": 699.3338770169722,
      "record_type": "solo_trial_result",
      "schema_version": 1,
      "seed": 48082,
      "survived": true,
      "wall_contact_seconds": 0.0
    },
    {
      "best_lap_time_seconds": 7.65000000000037,
      "damage": 0.0,
      "elapsed_seconds": 30.0,
      "first_lap_time_seconds": 8.433333333333332,
      "lap_count": 3,
      "max_speed_mps": 27.061314053005642,
      "ok": true,
      "partial_laps": 3.8458645275616727,
      "raw_distance_m": 704.0469664965358,
      "record_type": "solo_trial_result",
      "schema_version": 1,
      "seed": 227,
      "survived": true,
      "wall_contact_seconds": 0.0
    },
    {
      "best_lap_time_seconds": 7.649999999999565,
      "damage": 0.0,
      "elapsed_seconds": 30.0,
      "first_lap_time_seconds": 8.566666666666672,
      "lap_count": 3,
      "max_speed_mps": 27.06276151869032,
      "ok": true,
      "partial_laps": 3.814872685145568,
      "raw_distance_m": 698.3734144296794,
      "record_type": "solo_trial_result",
      "schema_version": 1,
      "seed": 66169,
      "survived": true,
      "wall_contact_seconds": 0.0
    },
    {
      "best_lap_time_seconds": 7.616666666666234,
      "damage": 0.0,
      "elapsed_seconds": 30.0,
      "first_lap_time_seconds": 8.500000000000002,
      "lap_count": 3,
      "max_speed_mps": 27.064105139838325,
      "ok": true,
      "partial_laps": 3.8052796384811796,
      "raw_distance_m": 696.6172539213933,
      "record_type": "solo_trial_result",
      "schema_version": 1,
      "seed": 31617,
      "survived": true,
      "wall_contact_seconds": 0.0
    },
    {
      "best_lap_time_seconds": 7.6166666666670455,
      "damage": 0.0,
      "elapsed_seconds": 30.0,
      "first_lap_time_seconds": 8.349999999999994,
      "lap_count": 3,
      "max_speed_mps": 27.05458535088433,
      "ok": true,
      "partial_laps": 3.8667301288231197,
      "raw_distance_m": 707.8667482821313,
      "record_type": "solo_trial_result",
      "schema_version": 1,
      "seed": 58753,
      "survived": true,
      "wall_contact_seconds": 0.0
    },
    {
      "best_lap_time_seconds": 7.616666666666234,
      "damage": 0.0,
      "elapsed_seconds": 30.0,
      "first_lap_time_seconds": 8.433333333333332,
      "lap_count": 3,
      "max_speed_mps": 27.013782925075954,
      "ok": true,
      "partial_laps": 3.8514996690610506,
      "raw_distance_m": 705.0785692090035,
      "record_type": "solo_trial_result",
      "schema_version": 1,
      "seed": 49888,
      "survived": true,
      "wall_contact_seconds": 0.0
    },
    {
      "best_lap_time_seconds": 7.633333333333697,
      "damage": 0.0,
      "elapsed_seconds": 30.0,
      "first_lap_time_seconds": 8.500000000000002,
      "lap_count": 3,
      "max_speed_mps": 27.009705437554253,
      "ok": true,
      "partial_laps": 3.8089595132640213,
      "raw_distance_m": 697.2909138122656,
      "record_type": "solo_trial_result",
      "schema_version": 1,
      "seed": 49254,
      "survived": true,
      "wall_contact_seconds": 0.0
    },
    {
      "best_lap_time_seconds": 7.616666666666234,
      "damage": 0.0,
      "elapsed_seconds": 30.0,
      "first_lap_time_seconds": 8.483333333333334,
      "lap_count": 3,
      "max_speed_mps": 27.05287085639106,
      "ok": true,
      "partial_laps": 3.8343886328472707,
      "raw_distance_m": 701.9461205609587,
      "record_type": "solo_trial_result",
      "schema_version": 1,
      "seed": 66005,
      "survived": true,
      "wall_contact_seconds": 0.0
    },
    {
      "best_lap_time_seconds": 7.633333333332899,
      "damage": 0.0,
      "elapsed_seconds": 30.0,
      "first_lap_time_seconds": 8.566666666666672,
      "lap_count": 3,
      "max_speed_mps": 27.053570217556423,
      "ok": true,
      "partial_laps": 3.7905714580398397,
      "raw_distance_m": 693.9246864250092,
      "record_type": "solo_trial_result",
      "schema_version": 1,
      "seed": 2497,
      "survived": true,
      "wall_contact_seconds": 0.0
    },
    {
      "best_lap_time_seconds": 7.616666666667033,
      "damage": 0.0,
      "elapsed_seconds": 30.0,
      "first_lap_time_seconds": 8.483333333333334,
      "lap_count": 3,
      "max_speed_mps": 27.054163614908852,
      "ok": true,
      "partial_laps": 3.813009595508137,
      "raw_distance_m": 698.0323460955913,
      "record_type": "solo_trial_result",
      "schema_version": 1,
      "seed": 74457,
      "survived": true,
      "wall_contact_seconds": 0.0
    },
    {
      "best_lap_time_seconds": 7.616666666666234,
      "damage": 0.0,
      "elapsed_seconds": 30.0,
      "first_lap_time_seconds": 8.45,
      "lap_count": 3,
      "max_speed_mps": 27.00538847181532,
      "ok": true,
      "partial_laps": 3.8340954445453463,
      "raw_distance_m": 701.8924477565469,
      "record_type": "solo_trial_result",
      "schema_version": 1,
      "seed": 51981,
      "survived": true,
      "wall_contact_seconds": 0.0
    },
    {
      "best_lap_time_seconds": 7.616666666666237,
      "damage": 0.0,
      "elapsed_seconds": 30.0,
      "first_lap_time_seconds": 8.266666666666657,
      "lap_count": 3,
      "max_speed_mps": 27.060362497965492,
      "ok": true,
      "partial_laps": 3.877887478800955,
      "raw_distance_m": 709.9092795126882,
      "record_type": "solo_trial_result",
      "schema_version": 1,
      "seed": 58312,
      "survived": true,
      "wall_contact_seconds": 0.0
    },
    {
      "best_lap_time_seconds": 7.616666666666234,
      "damage": 0.0,
      "elapsed_seconds": 30.0,
      "first_lap_time_seconds": 8.51666666666667,
      "lap_count": 3,
      "max_speed_mps": 27.055339813232422,
      "ok": true,
      "partial_laps": 3.854913135801759,
      "raw_distance_m": 705.7034588500217,
      "record_type": "solo_trial_result",
      "schema_version": 1,
      "seed": 73621,
      "survived": true,
      "wall_contact_seconds": 0.0
    },
    {
      "best_lap_time_seconds": 7.616666666666234,
      "damage": 0.0,
      "elapsed_seconds": 30.0,
      "first_lap_time_seconds": 8.483333333333334,
      "lap_count": 3,
      "max_speed_mps": 27.039932674831814,
      "ok": true,
      "partial_laps": 3.8157509818148267,
      "raw_distance_m": 698.5342006719519,
      "record_type": "solo_trial_result",
      "schema_version": 1,
      "seed": 70579,
      "survived": true,
      "wall_contact_seconds": 0.0
    },
    {
      "best_lap_time_seconds": 7.616666666666234,
      "damage": 0.0,
      "elapsed_seconds": 30.0,
      "first_lap_time_seconds": 8.349999999999994,
      "lap_count": 3,
      "max_speed_mps": 27.057289547390408,
      "ok": true,
      "partial_laps": 3.833203322009908,
      "raw_distance_m": 701.7291304685048,
      "record_type": "solo_trial_result",
      "schema_version": 1,
      "seed": 94987,
      "survived": true,
      "wall_contact_seconds": 0.0
    },
    {
      "best_lap_time_seconds": 7.600000000000364,
      "damage": 0.0,
      "elapsed_seconds": 30.0,
      "first_lap_time_seconds": 8.51666666666667,
      "lap_count": 3,
      "max_speed_mps": 27.153341505262585,
      "ok": true,
      "partial_laps": 3.827074639563909,
      "raw_distance_m": 700.6071771979714,
      "record_type": "solo_trial_result",
      "schema_version": 1,
      "seed": 32973,
      "survived": true,
      "wall_contact_seconds": 0.0
    },
    {
      "best_lap_time_seconds": 7.716666666666228,
      "damage": 0.0,
      "elapsed_seconds": 30.0,
      "first_lap_time_seconds": 8.483333333333334,
      "lap_count": 3,
      "max_speed_mps": 27.139733632405598,
      "ok": true,
      "partial_laps": 3.7977940493501485,
      "raw_distance_m": 695.24689719604,
      "record_type": "solo_trial_result",
      "schema_version": 1,
      "seed": 29029,
      "survived": true,
      "wall_contact_seconds": 0.0
    },
    {
      "best_lap_time_seconds": 7.616666666666234,
      "damage": 0.0,
      "elapsed_seconds": 30.0,
      "first_lap_time_seconds": 8.533333333333337,
      "lap_count": 3,
      "max_speed_mps": 27.129406399197048,
      "ok": true,
      "partial_laps": 3.8162019737868382,
      "raw_distance_m": 698.6167619601963,
      "record_type": "solo_trial_result",
      "schema_version": 1,
      "seed": 78595,
      "survived": true,
      "wall_contact_seconds": 0.0
    },
    {
      "best_lap_time_seconds": 7.633333333332899,
      "damage": 0.0,
      "elapsed_seconds": 30.0,
      "first_lap_time_seconds": 8.45,
      "lap_count": 3,
      "max_speed_mps": 27.056547800699867,
      "ok": true,
      "partial_laps": 3.865499858769766,
      "raw_distance_m": 707.6415276866508,
      "record_type": "solo_trial_result",
      "schema_version": 1,
      "seed": 73502,
      "survived": true,
      "wall_contact_seconds": 0.0
    },
    {
      "best_lap_time_seconds": 7.633333333333702,
      "damage": 0.0,
      "elapsed_seconds": 30.0,
      "first_lap_time_seconds": 8.45,
      "lap_count": 3,
      "max_speed_mps": 27.012926737467446,
      "ok": true,
      "partial_laps": 3.8459954535038965,
      "raw_distance_m": 704.0709345827223,
      "record_type": "solo_trial_result",
      "schema_version": 1,
      "seed": 21408,
      "survived": true,
      "wall_contact_seconds": 0.0
    },
    {
      "best_lap_time_seconds": 7.633333333332899,
      "damage": 0.0,
      "elapsed_seconds": 30.0,
      "first_lap_time_seconds": 8.51666666666667,
      "lap_count": 3,
      "max_speed_mps": 27.068809933132595,
      "ok": true,
      "partial_laps": 3.8071966956351906,
      "raw_distance_m": 696.968201871902,
      "record_type": "solo_trial_result",
      "schema_version": 1,
      "seed": 4500,
      "survived": true,
      "wall_contact_seconds": 0.0
    },
    {
      "best_lap_time_seconds": 7.616666666667042,
      "damage": 0.0,
      "elapsed_seconds": 30.0,
      "first_lap_time_seconds": 8.399999999999997,
      "lap_count": 3,
      "max_speed_mps": 27.072171105278862,
      "ok": true,
      "partial_laps": 3.8684930269304654,
      "raw_distance_m": 708.1894749553733,
      "record_type": "solo_trial_result",
      "schema_version": 1,
      "seed": 45130,
      "survived": true,
      "wall_contact_seconds": 0.0
    },
    {
      "best_lap_time_seconds": 7.616666666667031,
      "damage": 0.0,
      "elapsed_seconds": 30.0,
      "first_lap_time_seconds": 8.500000000000002,
      "lap_count": 3,
      "max_speed_mps": 27.012348175048828,
      "ok": true,
      "partial_laps": 3.7958253053591076,
      "raw_distance_m": 694.8864871439523,
      "record_type": "solo_trial_result",
      "schema_version": 1,
      "seed": 60771,
      "survived": true,
      "wall_contact_seconds": 0.0
    },
    {
      "best_lap_time_seconds": 7.616666666666234,
      "damage": 0.0,
      "elapsed_seconds": 30.0,
      "first_lap_time_seconds": 8.58333333333334,
      "lap_count": 3,
      "max_speed_mps": 27.216900719536675,
      "ok": true,
      "partial_laps": 3.815900260517886,
      "raw_distance_m": 698.5615285243238,
      "record_type": "solo_trial_result",
      "schema_version": 1,
      "seed": 93235,
      "survived": true,
      "wall_contact_seconds": 0.0
    },
    {
      "best_lap_time_seconds": 7.633333333332899,
      "damage": 0.0,
      "elapsed_seconds": 30.0,
      "first_lap_time_seconds": 8.483333333333334,
      "lap_count": 3,
      "max_speed_mps": 27.0565308464898,
      "ok": true,
      "partial_laps": 3.854924240108578,
      "raw_distance_m": 705.7054916708543,
      "record_type": "solo_trial_result",
      "schema_version": 1,
      "seed": 49854,
      "survived": true,
      "wall_contact_seconds": 0.0
    },
    {
      "best_lap_time_seconds": 7.616666666666234,
      "damage": 0.0,
      "elapsed_seconds": 30.0,
      "first_lap_time_seconds": 8.500000000000002,
      "lap_count": 3,
      "max_speed_mps": 27.054434882269966,
      "ok": true,
      "partial_laps": 3.8087926649711927,
      "raw_distance_m": 697.2603695656887,
      "record_type": "solo_trial_result",
      "schema_version": 1,
      "seed": 37876,
      "survived": true,
      "wall_contact_seconds": 0.0
    },
    {
      "best_lap_time_seconds": 7.600000000000362,
      "damage": 0.0,
      "elapsed_seconds": 30.0,
      "first_lap_time_seconds": 8.533333333333337,
      "lap_count": 3,
      "max_speed_mps": 27.059881422254772,
      "ok": true,
      "partial_laps": 3.804089364225934,
      "raw_distance_m": 696.3993551959704,
      "record_type": "solo_trial_result",
      "schema_version": 1,
      "seed": 86202,
      "survived": true,
      "wall_contact_seconds": 0.0
    },
    {
      "best_lap_time_seconds": 7.616666666666234,
      "damage": 0.0,
      "elapsed_seconds": 30.0,
      "first_lap_time_seconds": 8.550000000000004,
      "lap_count": 3,
      "max_speed_mps": 27.0546023050944,
      "ok": true,
      "partial_laps": 3.7951459449552583,
      "raw_distance_m": 694.7621193644686,
      "record_type": "solo_trial_result",
      "schema_version": 1,
      "seed": 98009,
      "survived": true,
      "wall_contact_seconds": 0.0
    },
    {
      "best_lap_time_seconds": 7.616666666666234,
      "damage": 0.0,
      "elapsed_seconds": 30.0,
      "first_lap_time_seconds": 8.533333333333337,
      "lap_count": 3,
      "max_speed_mps": 27.04530292087131,
      "ok": true,
      "partial_laps": 3.811978709042074,
      "raw_distance_m": 697.8436258523188,
      "record_type": "solo_trial_result",
      "schema_version": 1,
      "seed": 44097,
      "survived": true,
      "wall_contact_seconds": 0.0
    },
    {
      "best_lap_time_seconds": 7.633333333333695,
      "damage": 0.0,
      "elapsed_seconds": 30.0,
      "first_lap_time_seconds": 8.51666666666667,
      "lap_count": 3,
      "max_speed_mps": 27.006666395399304,
      "ok": true,
      "partial_laps": 3.7937686881231696,
      "raw_distance_m": 694.5099904899932,
      "record_type": "solo_trial_result",
      "schema_version": 1,
      "seed": 51016,
      "survived": true,
      "wall_contact_seconds": 0.0
    },
    {
      "best_lap_time_seconds": 7.6166666666670295,
      "damage": 0.0,
      "elapsed_seconds": 30.0,
      "first_lap_time_seconds": 8.51666666666667,
      "lap_count": 3,
      "max_speed_mps": 27.01004876030816,
      "ok": true,
      "partial_laps": 3.795195843430748,
      "raw_distance_m": 694.7712540778859,
      "record_type": "solo_trial_result",
      "schema_version": 1,
      "seed": 21736,
      "survived": true,
      "wall_contact_seconds": 0.0
    },
    {
      "best_lap_time_seconds": 7.650000000000366,
      "damage": 0.0,
      "elapsed_seconds": 30.0,
      "first_lap_time_seconds": 8.466666666666667,
      "lap_count": 3,
      "max_speed_mps": 27.045940823025173,
      "ok": true,
      "partial_laps": 3.8164316961533418,
      "raw_distance_m": 698.6588163108148,
      "record_type": "solo_trial_result",
      "schema_version": 1,
      "seed": 69143,
      "survived": true,
      "wall_contact_seconds": 0.0
    },
    {
      "best_lap_time_seconds": 7.616666666667033,
      "damage": 0.0,
      "elapsed_seconds": 30.0,
      "first_lap_time_seconds": 8.483333333333334,
      "lap_count": 3,
      "max_speed_mps": 27.052377065022785,
      "ok": true,
      "partial_laps": 3.801709443641332,
      "raw_distance_m": 695.9636726969943,
      "record_type": "solo_trial_result",
      "schema_version": 1,
      "seed": 28554,
      "survived": true,
      "wall_contact_seconds": 0.0
    },
    {
      "best_lap_time_seconds": 7.616666666666234,
      "damage": 0.0,
      "elapsed_seconds": 30.0,
      "first_lap_time_seconds": 8.51666666666667,
      "lap_count": 3,
      "max_speed_mps": 27.080936431884766,
      "ok": true,
      "partial_laps": 3.8031628300790357,
      "raw_distance_m": 696.2297383124832,
      "record_type": "solo_trial_result",
      "schema_version": 1,
      "seed": 16543,
      "survived": true,
      "wall_contact_seconds": 0.0
    },
    {
      "best_lap_time_seconds": 7.633333333332899,
      "damage": 0.0,
      "elapsed_seconds": 30.0,
      "first_lap_time_seconds": 8.51666666666667,
      "lap_count": 3,
      "max_speed_mps": 27.01202180650499,
      "ok": true,
      "partial_laps": 3.7944742254195427,
      "raw_distance_m": 694.6391503680134,
      "record_type": "solo_trial_result",
      "schema_version": 1,
      "seed": 11643,
      "survived": true,
      "wall_contact_seconds": 0.0
    },
    {
      "best_lap_time_seconds": 7.600000000000364,
      "damage": 0.0,
      "elapsed_seconds": 30.0,
      "first_lap_time_seconds": 8.51666666666667,
      "lap_count": 3,
      "max_speed_mps": 27.053917778862846,
      "ok": true,
      "partial_laps": 3.819645427234771,
      "raw_distance_m": 699.2471411472204,
      "record_type": "solo_trial_result",
      "schema_version": 1,
      "seed": 22885,
      "survived": true,
      "wall_contact_seconds": 0.0
    },
    {
      "best_lap_time_seconds": 7.616666666666234,
      "damage": 0.0,
      "elapsed_seconds": 30.0,
      "first_lap_time_seconds": 8.533333333333337,
      "lap_count": 3,
      "max_speed_mps": 27.039813995361328,
      "ok": true,
      "partial_laps": 3.8083611567021816,
      "raw_distance_m": 697.1813750806676,
      "record_type": "solo_trial_result",
      "schema_version": 1,
      "seed": 92489,
      "survived": true,
      "wall_contact_seconds": 0.0
    },
    {
      "best_lap_time_seconds": 7.616666666667044,
      "damage": 0.0,
      "elapsed_seconds": 30.0,
      "first_lap_time_seconds": 8.38333333333333,
      "lap_count": 3,
      "max_speed_mps": 27.005651262071396,
      "ok": true,
      "partial_laps": 3.8258361392255473,
      "raw_distance_m": 700.3804499172834,
      "record_type": "solo_trial_result",
      "schema_version": 1,
      "seed": 38791,
      "survived": true,
      "wall_contact_seconds": 0.0
    },
    {
      "best_lap_time_seconds": 7.650000000000363,
      "damage": 0.0,
      "elapsed_seconds": 30.0,
      "first_lap_time_seconds": 8.500000000000002,
      "lap_count": 3,
      "max_speed_mps": 27.058222028944225,
      "ok": true,
      "partial_laps": 3.786859063981334,
      "raw_distance_m": 693.2450733610026,
      "record_type": "solo_trial_result",
      "schema_version": 1,
      "seed": 3301,
      "survived": true,
      "wall_contact_seconds": 0.0
    },
    {
      "best_lap_time_seconds": 7.616666666666234,
      "damage": 0.0,
      "elapsed_seconds": 30.0,
      "first_lap_time_seconds": 8.38333333333333,
      "lap_count": 3,
      "max_speed_mps": 27.053883870442707,
      "ok": true,
      "partial_laps": 3.83339023052449,
      "raw_distance_m": 701.7633470592766,
      "record_type": "solo_trial_result",
      "schema_version": 1,
      "seed": 41700,
      "survived": true,
      "wall_contact_seconds": 0.0
    },
    {
      "best_lap_time_seconds": 7.616666666666234,
      "damage": 0.0,
      "elapsed_seconds": 30.0,
      "first_lap_time_seconds": 8.466666666666667,
      "lap_count": 3,
      "max_speed_mps": 27.07097159491645,
      "ok": true,
      "partial_laps": 3.8572363971953316,
      "raw_distance_m": 706.1287689785509,
      "record_type": "solo_trial_result",
      "schema_version": 1,
      "seed": 9656,
      "survived": true,
      "wall_contact_seconds": 0.0
    },
    {
      "best_lap_time_seconds": 7.616666666666234,
      "damage": 0.0,
      "elapsed_seconds": 30.0,
      "first_lap_time_seconds": 8.399999999999997,
      "lap_count": 3,
      "max_speed_mps": 27.055265638563366,
      "ok": true,
      "partial_laps": 3.8223980220867984,
      "raw_distance_m": 699.7510476269405,
      "record_type": "solo_trial_result",
      "schema_version": 1,
      "seed": 57320,
      "survived": true,
      "wall_contact_seconds": 0.0
    },
    {
      "best_lap_time_seconds": 7.63333333333291,
      "damage": 0.0,
      "elapsed_seconds": 30.0,
      "first_lap_time_seconds": 8.18333333333332,
      "lap_count": 3,
      "max_speed_mps": 27.05336676703559,
      "ok": true,
      "partial_laps": 3.868546315082033,
      "raw_distance_m": 708.1992302031707,
      "record_type": "solo_trial_result",
      "schema_version": 1,
      "seed": 7717,
      "survived": true,
      "wall_contact_seconds": 0.0
    },
    {
      "best_lap_time_seconds": 7.600000000000366,
      "damage": 0.0,
      "elapsed_seconds": 30.0,
      "first_lap_time_seconds": 8.500000000000002,
      "lap_count": 3,
      "max_speed_mps": 27.05359564887153,
      "ok": true,
      "partial_laps": 3.8316772604353764,
      "raw_distance_m": 701.4497605077232,
      "record_type": "solo_trial_result",
      "schema_version": 1,
      "seed": 75138,
      "survived": true,
      "wall_contact_seconds": 0.0
    },
    {
      "best_lap_time_seconds": 7.649999999999565,
      "damage": 0.0,
      "elapsed_seconds": 30.0,
      "first_lap_time_seconds": 8.366666666666662,
      "lap_count": 3,
      "max_speed_mps": 27.08442899915907,
      "ok": true,
      "partial_laps": 3.8321206557150638,
      "raw_distance_m": 701.5309311000271,
      "record_type": "solo_trial_result",
      "schema_version": 1,
      "seed": 17642,
      "survived": true,
      "wall_contact_seconds": 0.0
    },
    {
      "best_lap_time_seconds": 7.633333333333695,
      "damage": 0.0,
      "elapsed_seconds": 30.0,
      "first_lap_time_seconds": 8.51666666666667,
      "lap_count": 3,
      "max_speed_mps": 27.166608174641926,
      "ok": true,
      "partial_laps": 3.8128547588388297,
      "raw_distance_m": 698.00400076867,
      "record_type": "solo_trial_result",
      "schema_version": 1,
      "seed": 89934,
      "survived": true,
      "wall_contact_seconds": 0.0
    },
    {
      "best_lap_time_seconds": 7.6166666666670455,
      "damage": 0.0,
      "elapsed_seconds": 30.0,
      "first_lap_time_seconds": 8.31666666666666,
      "lap_count": 3,
      "max_speed_mps": 27.046661376953125,
      "ok": true,
      "partial_laps": 3.8718135577804027,
      "raw_distance_m": 708.7973511962815,
      "record_type": "solo_trial_result",
      "schema_version": 1,
      "seed": 59492,
      "survived": true,
      "wall_contact_seconds": 0.0
    },
    {
      "best_lap_time_seconds": 7.666666666666243,
      "damage": 0.0,
      "elapsed_seconds": 30.0,
      "first_lap_time_seconds": 8.199999999999987,
      "lap_count": 3,
      "max_speed_mps": 27.05468707614475,
      "ok": true,
      "partial_laps": 3.8713168212911495,
      "raw_distance_m": 708.7064156430657,
      "record_type": "solo_trial_result",
      "schema_version": 1,
      "seed": 93034,
      "survived": true,
      "wall_contact_seconds": 0.0
    },
    {
      "best_lap_time_seconds": 7.616666666666234,
      "damage": 0.0,
      "elapsed_seconds": 30.0,
      "first_lap_time_seconds": 8.466666666666667,
      "lap_count": 3,
      "max_speed_mps": 27.066737280951607,
      "ok": true,
      "partial_laps": 3.8183202014581896,
      "raw_distance_m": 699.0045373890176,
      "record_type": "solo_trial_result",
      "schema_version": 1,
      "seed": 96662,
      "survived": true,
      "wall_contact_seconds": 0.0
    },
    {
      "best_lap_time_seconds": 7.633333333332899,
      "damage": 0.0,
      "elapsed_seconds": 30.0,
      "first_lap_time_seconds": 8.38333333333333,
      "lap_count": 3,
      "max_speed_mps": 27.044272952609592,
      "ok": true,
      "partial_laps": 3.8340426146308264,
      "raw_distance_m": 701.8827763963646,
      "record_type": "solo_trial_result",
      "schema_version": 1,
      "seed": 62637,
      "survived": true,
      "wall_contact_seconds": 0.0
    },
    {
      "best_lap_time_seconds": 7.616666666667038,
      "damage": 0.0,
      "elapsed_seconds": 30.0,
      "first_lap_time_seconds": 8.433333333333332,
      "lap_count": 3,
      "max_speed_mps": 27.04528596666124,
      "ok": true,
      "partial_laps": 3.80842721203469,
      "raw_distance_m": 697.1934675649817,
      "record_type": "solo_trial_result",
      "schema_version": 1,
      "seed": 48672,
      "survived": true,
      "wall_contact_seconds": 0.0
    },
    {
      "best_lap_time_seconds": 7.649999999999565,
      "damage": 0.0,
      "elapsed_seconds": 30.0,
      "first_lap_time_seconds": 8.500000000000002,
      "lap_count": 3,
      "max_speed_mps": 27.066063351101345,
      "ok": true,
      "partial_laps": 3.794822523045979,
      "raw_distance_m": 694.702911815036,
      "record_type": "solo_trial_result",
      "schema_version": 1,
      "seed": 97713,
      "survived": true,
      "wall_contact_seconds": 0.0
    },
    {
      "best_lap_time_seconds": 7.616666666667024,
      "damage": 0.0,
      "elapsed_seconds": 30.0,
      "first_lap_time_seconds": 8.566666666666672,
      "lap_count": 3,
      "max_speed_mps": 27.100412580702038,
      "ok": true,
      "partial_laps": 3.8088779668852837,
      "raw_distance_m": 697.2759854443609,
      "record_type": "solo_trial_result",
      "schema_version": 1,
      "seed": 63277,
      "survived": true,
      "wall_contact_seconds": 0.0
    },
    {
      "best_lap_time_seconds": 7.616666666666234,
      "damage": 0.0,
      "elapsed_seconds": 30.0,
      "first_lap_time_seconds": 8.333333333333327,
      "lap_count": 3,
      "max_speed_mps": 27.052254146999783,
      "ok": true,
      "partial_laps": 3.8631899033391393,
      "raw_distance_m": 707.2186534272951,
      "record_type": "solo_trial_result",
      "schema_version": 1,
      "seed": 3003,
      "survived": true,
      "wall_contact_seconds": 0.0
    },
    {
      "best_lap_time_seconds": 7.616666666666234,
      "damage": 0.0,
      "elapsed_seconds": 30.0,
      "first_lap_time_seconds": 8.433333333333332,
      "lap_count": 3,
      "max_speed_mps": 27.053739759657116,
      "ok": true,
      "partial_laps": 3.8279334986387314,
      "raw_distance_m": 700.7644050779301,
      "record_type": "solo_trial_result",
      "schema_version": 1,
      "seed": 80481,
      "survived": true,
      "wall_contact_seconds": 0.0
    },
    {
      "best_lap_time_seconds": 7.616666666666234,
      "damage": 0.0,
      "elapsed_seconds": 30.0,
      "first_lap_time_seconds": 8.550000000000004,
      "lap_count": 3,
      "max_speed_mps": 27.114359537760414,
      "ok": true,
      "partial_laps": 3.812590568583465,
      "raw_distance_m": 697.9556365201287,
      "record_type": "solo_trial_result",
      "schema_version": 1,
      "seed": 41427,
      "survived": true,
      "wall_contact_seconds": 0.0
    },
    {
      "best_lap_time_seconds": 7.633333333333704,
      "damage": 0.0,
      "elapsed_seconds": 30.0,
      "first_lap_time_seconds": 8.433333333333332,
      "lap_count": 3,
      "max_speed_mps": 27.05265680948893,
      "ok": true,
      "partial_laps": 3.847195609858375,
      "raw_distance_m": 704.2906423843458,
      "record_type": "solo_trial_result",
      "schema_version": 1,
      "seed": 52447,
      "survived": true,
      "wall_contact_seconds": 0.0
    },
    {
      "best_lap_time_seconds": 7.683333333332897,
      "damage": 0.0,
      "elapsed_seconds": 30.0,
      "first_lap_time_seconds": 8.416666666666664,
      "lap_count": 3,
      "max_speed_mps": 27.057230207655163,
      "ok": true,
      "partial_laps": 3.7965788001503036,
      "raw_distance_m": 695.0244264078578,
      "record_type": "solo_trial_result",
      "schema_version": 1,
      "seed": 27916,
      "survived": true,
      "wall_contact_seconds": 0.0
    },
    {
      "best_lap_time_seconds": 7.616666666667033,
      "damage": 0.0,
      "elapsed_seconds": 30.0,
      "first_lap_time_seconds": 8.483333333333334,
      "lap_count": 3,
      "max_speed_mps": 27.08086437649197,
      "ok": true,
      "partial_laps": 3.799227476908717,
      "raw_distance_m": 695.5093090197197,
      "record_type": "solo_trial_result",
      "schema_version": 1,
      "seed": 24295,
      "survived": true,
      "wall_contact_seconds": 0.0
    },
    {
      "best_lap_time_seconds": 7.666666666666231,
      "damage": 0.0,
      "elapsed_seconds": 30.0,
      "first_lap_time_seconds": 8.616666666666674,
      "lap_count": 3,
      "max_speed_mps": 27.258052825927734,
      "ok": true,
      "partial_laps": 3.7988007980559213,
      "raw_distance_m": 695.4311986365208,
      "record_type": "solo_trial_result",
      "schema_version": 1,
      "seed": 26748,
      "survived": true,
      "wall_contact_seconds": 0.0
    },
    {
      "best_lap_time_seconds": 7.633333333333699,
      "damage": 0.0,
      "elapsed_seconds": 30.0,
      "first_lap_time_seconds": 8.483333333333334,
      "lap_count": 3,
      "max_speed_mps": 27.015724182128906,
      "ok": true,
      "partial_laps": 3.8238856302794906,
      "raw_distance_m": 700.0233780816131,
      "record_type": "solo_trial_result",
      "schema_version": 1,
      "seed": 37847,
      "survived": true,
      "wall_contact_seconds": 0.0
    },
    {
      "best_lap_time_seconds": 7.616666666666234,
      "damage": 0.0,
      "elapsed_seconds": 30.0,
      "first_lap_time_seconds": 8.483333333333334,
      "lap_count": 3,
      "max_speed_mps": 27.095474667019314,
      "ok": true,
      "partial_laps": 3.8049667588155027,
      "raw_distance_m": 696.5599762981386,
      "record_type": "solo_trial_result",
      "schema_version": 1,
      "seed": 3453,
      "survived": true,
      "wall_contact_seconds": 0.0
    },
    {
      "best_lap_time_seconds": 7.616666666666234,
      "damage": 0.0,
      "elapsed_seconds": 30.0,
      "first_lap_time_seconds": 8.416666666666664,
      "lap_count": 3,
      "max_speed_mps": 27.052970462375217,
      "ok": true,
      "partial_laps": 3.8145650014256813,
      "raw_distance_m": 698.3170880073434,
      "record_type": "solo_trial_result",
      "schema_version": 1,
      "seed": 49369,
      "survived": true,
      "wall_contact_seconds": 0.0
    },
    {
      "best_lap_time_seconds": 7.616666666666234,
      "damage": 0.0,
      "elapsed_seconds": 30.0,
      "first_lap_time_seconds": 8.51666666666667,
      "lap_count": 3,
      "max_speed_mps": 27.05148696899414,
      "ok": true,
      "partial_laps": 3.8131974945305216,
      "raw_distance_m": 698.0667440146467,
      "record_type": "solo_trial_result",
      "schema_version": 1,
      "seed": 78343,
      "survived": true,
      "wall_contact_seconds": 0.0
    },
    {
      "best_lap_time_seconds": 7.616666666666234,
      "damage": 0.0,
      "elapsed_seconds": 30.0,
      "first_lap_time_seconds": 8.500000000000002,
      "lap_count": 3,
      "max_speed_mps": 27.057215372721352,
      "ok": true,
      "partial_laps": 3.8011767171223925,
      "raw_distance_m": 695.8661485936507,
      "record_type": "solo_trial_result",
      "schema_version": 1,
      "seed": 69636,
      "survived": true,
      "wall_contact_seconds": 0.0
    },
    {
      "best_lap_time_seconds": 7.616666666666234,
      "damage": 0.0,
      "elapsed_seconds": 30.0,
      "first_lap_time_seconds": 8.500000000000002,
      "lap_count": 3,
      "max_speed_mps": 27.039614783393013,
      "ok": true,
      "partial_laps": 3.807843008605422,
      "raw_distance_m": 697.0865197904968,
      "record_type": "solo_trial_result",
      "schema_version": 1,
      "seed": 60171,
      "survived": true,
      "wall_contact_seconds": 0.0
    },
    {
      "best_lap_time_seconds": 7.599999999999568,
      "damage": 0.0,
      "elapsed_seconds": 30.0,
      "first_lap_time_seconds": 8.45,
      "lap_count": 3,
      "max_speed_mps": 27.05773247612847,
      "ok": true,
      "partial_laps": 3.858570668257806,
      "raw_distance_m": 706.3730286208984,
      "record_type": "solo_trial_result",
      "schema_version": 1,
      "seed": 36638,
      "survived": true,
      "wall_contact_seconds": 0.0
    },
    {
      "best_lap_time_seconds": 7.666666666667046,
      "damage": 0.0,
      "elapsed_seconds": 30.0,
      "first_lap_time_seconds": 8.333333333333327,
      "lap_count": 3,
      "max_speed_mps": 27.005373636881508,
      "ok": true,
      "partial_laps": 3.822277773955477,
      "raw_distance_m": 699.7290342846927,
      "record_type": "solo_trial_result",
      "schema_version": 1,
      "seed": 4682,
      "survived": true,
      "wall_contact_seconds": 0.0
    },
    {
      "best_lap_time_seconds": 7.616666666666234,
      "damage": 0.0,
      "elapsed_seconds": 30.0,
      "first_lap_time_seconds": 8.45,
      "lap_count": 3,
      "max_speed_mps": 27.05320782131619,
      "ok": true,
      "partial_laps": 3.816964585123307,
      "raw_distance_m": 698.756370153415,
      "record_type": "solo_trial_result",
      "schema_version": 1,
      "seed": 45237,
      "survived": true,
      "wall_contact_seconds": 0.0
    },
    {
      "best_lap_time_seconds": 7.6166666666662355,
      "damage": 0.0,
      "elapsed_seconds": 30.0,
      "first_lap_time_seconds": 8.333333333333327,
      "lap_count": 3,
      "max_speed_mps": 27.04992506239149,
      "ok": true,
      "partial_laps": 3.8394684424920524,
      "raw_distance_m": 702.8760609021115,
      "record_type": "solo_trial_result",
      "schema_version": 1,
      "seed": 5533,
      "survived": true,
      "wall_contact_seconds": 0.0
    },
    {
      "best_lap_time_seconds": 7.616666666666234,
      "damage": 0.0,
      "elapsed_seconds": 30.0,
      "first_lap_time_seconds": 8.38333333333333,
      "lap_count": 3,
      "max_speed_mps": 27.058726416693794,
      "ok": true,
      "partial_laps": 3.844641509739496,
      "raw_distance_m": 703.8230735378776,
      "record_type": "solo_trial_result",
      "schema_version": 1,
      "seed": 77041,
      "survived": true,
      "wall_contact_seconds": 0.0
    },
    {
      "best_lap_time_seconds": 7.633333333332899,
      "damage": 0.0,
      "elapsed_seconds": 30.0,
      "first_lap_time_seconds": 8.500000000000002,
      "lap_count": 3,
      "max_speed_mps": 27.055619557698567,
      "ok": true,
      "partial_laps": 3.8019372895538335,
      "raw_distance_m": 696.0053835327182,
      "record_type": "solo_trial_result",
      "schema_version": 1,
      "seed": 34487,
      "survived": true,
      "wall_contact_seconds": 0.0
    },
    {
      "best_lap_time_seconds": 7.599999999999568,
      "damage": 0.0,
      "elapsed_seconds": 30.0,
      "first_lap_time_seconds": 8.500000000000002,
      "lap_count": 3,
      "max_speed_mps": 27.053585052490234,
      "ok": true,
      "partial_laps": 3.8020078925071004,
      "raw_distance_m": 696.0183085316922,
      "record_type": "solo_trial_result",
      "schema_version": 1,
      "seed": 53571,
      "survived": true,
      "wall_contact_seconds": 0.0
    },
    {
      "best_lap_time_seconds": 7.633333333333713,
      "damage": 0.0,
      "elapsed_seconds": 30.0,
      "first_lap_time_seconds": 8.349999999999994,
      "lap_count": 3,
      "max_speed_mps": 27.065035502115883,
      "ok": true,
      "partial_laps": 3.829948536959174,
      "raw_distance_m": 701.1332900468921,
      "record_type": "solo_trial_result",
      "schema_version": 1,
      "seed": 55701,
      "survived": true,
      "wall_contact_seconds": 0.0
    },
    {
      "best_lap_time_seconds": 7.666666666666231,
      "damage": 0.0,
      "elapsed_seconds": 30.0,
      "first_lap_time_seconds": 8.51666666666667,
      "lap_count": 3,
      "max_speed_mps": 27.05269071790907,
      "ok": true,
      "partial_laps": 3.7906263613812237,
      "raw_distance_m": 693.9347373591164,
      "record_type": "solo_trial_result",
      "schema_version": 1,
      "seed": 37185,
      "survived": true,
      "wall_contact_seconds": 0.0
    },
    {
      "best_lap_time_seconds": 7.649999999999565,
      "damage": 0.0,
      "elapsed_seconds": 30.0,
      "first_lap_time_seconds": 8.500000000000002,
      "lap_count": 3,
      "max_speed_mps": 27.041066487630207,
      "ok": true,
      "partial_laps": 3.803654412147874,
      "raw_distance_m": 696.3197302666639,
      "record_type": "solo_trial_result",
      "schema_version": 1,
      "seed": 51174,
      "survived": true,
      "wall_contact_seconds": 0.0
    },
    {
      "best_lap_time_seconds": 7.633333333332899,
      "damage": 0.0,
      "elapsed_seconds": 30.0,
      "first_lap_time_seconds": 8.466666666666667,
      "lap_count": 3,
      "max_speed_mps": 27.013134426540798,
      "ok": true,
      "partial_laps": 3.8578242867484653,
      "raw_distance_m": 706.2363915569211,
      "record_type": "solo_trial_result",
      "schema_version": 1,
      "seed": 87519,
      "survived": true,
      "wall_contact_seconds": 0.0
    },
    {
      "best_lap_time_seconds": 7.616666666667033,
      "damage": 0.0,
      "elapsed_seconds": 30.0,
      "first_lap_time_seconds": 8.483333333333334,
      "lap_count": 3,
      "max_speed_mps": 27.054998609754772,
      "ok": true,
      "partial_laps": 3.8299792812561613,
      "raw_distance_m": 701.1389182818119,
      "record_type": "solo_trial_result",
      "schema_version": 1,
      "seed": 60109,
      "survived": true,
      "wall_contact_seconds": 0.0
    },
    {
      "best_lap_time_seconds": 7.616666666666234,
      "damage": 0.0,
      "elapsed_seconds": 30.0,
      "first_lap_time_seconds": 8.533333333333337,
      "lap_count": 3,
      "max_speed_mps": 27.08937538994683,
      "ok": true,
      "partial_laps": 3.8111273232275242,
      "raw_distance_m": 697.687766072091,
      "record_type": "solo_trial_result",
      "schema_version": 1,
      "seed": 89714,
      "survived": true,
      "wall_contact_seconds": 0.0
    },
    {
      "best_lap_time_seconds": 7.633333333333697,
      "damage": 0.0,
      "elapsed_seconds": 30.0,
      "first_lap_time_seconds": 8.500000000000002,
      "lap_count": 3,
      "max_speed_mps": 27.058798472086586,
      "ok": true,
      "partial_laps": 3.799559708658742,
      "raw_distance_m": 695.5701293512999,
      "record_type": "solo_trial_result",
      "schema_version": 1,
      "seed": 10221,
      "survived": true,
      "wall_contact_seconds": 0.0
    }
  ],
  "schema_version": 1,
  "seeds": [
    38605,
    37849,
    60758,
    41419,
    84539,
    13355,
    70773,
    27223,
    4545,
    94066,
    94690,
    78394,
    89235,
    70711,
    73471,
    64378,
    96757,
    1954,
    57450,
    10959,
    48082,
    227,
    66169,
    31617,
    58753,
    49888,
    49254,
    66005,
    2497,
    74457,
    51981,
    58312,
    73621,
    70579,
    94987,
    32973,
    29029,
    78595,
    73502,
    21408,
    4500,
    45130,
    60771,
    93235,
    49854,
    37876,
    86202,
    98009,
    44097,
    51016,
    21736,
    69143,
    28554,
    16543,
    11643,
    22885,
    92489,
    38791,
    3301,
    41700,
    9656,
    57320,
    7717,
    75138,
    17642,
    89934,
    59492,
    93034,
    96662,
    62637,
    48672,
    97713,
    63277,
    3003,
    80481,
    41427,
    52447,
    27916,
    24295,
    26748,
    37847,
    3453,
    49369,
    78343,
    69636,
    60171,
    36638,
    4682,
    45237,
    5533,
    77041,
    34487,
    53571,
    55701,
    37185,
    51174,
    87519,
    60109,
    89714,
    10221
  ],
  "summary": {
    "clean_count": 100,
    "damage_trial_count": 0,
    "lap_count": 100,
    "maximum_speed_mps": 27.258052825927734,
    "mean_distance_m": 699.8606174098112,
    "median_distance_m": 698.5478645981378,
    "survival_count": 100,
    "tenth_percentile_distance_m": 695.0106324814673,
    "total_wall_contact_seconds": 0.0,
    "trial_count": 100,
    "wall_contact_trial_count": 0,
    "worst_damage": 0.0,
    "worst_distance_m": 691.4068987962282
  }
}
